// Jest Snapshot v1, https://goo.gl/fbAQLP

exports[`Movie Detail displayed 1`] = `
<div
  className="modal-dialog"
>
  <div
    className="movie-details"
  >
    asd
  </div>
</div>
`;

exports[`Movie Detail displayed 2`] = `null`;
